c:\temp\algorithm\c++_080~085_greedy\c++_080~.ba6443d7\x64\debug\vc143.pdb
c:\temp\algorithm\c++_080~085_greedy\c++_080~.ba6443d7\x64\debug\vc143.idb
c:\temp\algorithm\c++_080~085_greedy\c++_080~.ba6443d7\x64\debug\problem_085.obj
c:\temp\algorithm\c++_080~085_greedy\c++_080~.ba6443d7\x64\debug\problem_084.obj
c:\temp\algorithm\c++_080~085_greedy\c++_080~.ba6443d7\x64\debug\problem_083.obj
c:\temp\algorithm\c++_080~085_greedy\c++_080~.ba6443d7\x64\debug\problem_082.obj
c:\temp\algorithm\c++_080~085_greedy\c++_080~.ba6443d7\x64\debug\problem_081.obj
c:\temp\algorithm\c++_080~085_greedy\c++_080~.ba6443d7\x64\debug\problem_080.obj
c:\temp\algorithm\c++_080~085_greedy\x64\debug\c++_080~085_greedy.exe
c:\temp\algorithm\c++_080~085_greedy\x64\debug\c++_080~085_greedy.pdb
c:\temp\algorithm\c++_080~085_greedy\c++_080~.ba6443d7\x64\debug\c++_080~085_greedy.ilk
c:\temp\algorithm\c++_080~085_greedy\c++_080~.ba6443d7\x64\debug\problem_083.new.obj.enc
c:\temp\algorithm\c++_080~085_greedy\c++_080~.ba6443d7\x64\debug\c++_080~.ba6443d7.tlog\cl.command.1.tlog
c:\temp\algorithm\c++_080~085_greedy\c++_080~.ba6443d7\x64\debug\c++_080~.ba6443d7.tlog\cl.items.tlog
c:\temp\algorithm\c++_080~085_greedy\c++_080~.ba6443d7\x64\debug\c++_080~.ba6443d7.tlog\cl.read.1.tlog
c:\temp\algorithm\c++_080~085_greedy\c++_080~.ba6443d7\x64\debug\c++_080~.ba6443d7.tlog\cl.write.1.tlog
c:\temp\algorithm\c++_080~085_greedy\c++_080~.ba6443d7\x64\debug\c++_080~.ba6443d7.tlog\link.command.1.tlog
c:\temp\algorithm\c++_080~085_greedy\c++_080~.ba6443d7\x64\debug\c++_080~.ba6443d7.tlog\link.read.1.tlog
c:\temp\algorithm\c++_080~085_greedy\c++_080~.ba6443d7\x64\debug\c++_080~.ba6443d7.tlog\link.secondary.1.tlog
c:\temp\algorithm\c++_080~085_greedy\c++_080~.ba6443d7\x64\debug\c++_080~.ba6443d7.tlog\link.write.1.tlog
